C51 COMPILER V9.01   LED                                                                   09/17/2014 23:31:05 PAGE 1   


C51 COMPILER V9.01, COMPILATION OF MODULE LED
OBJECT MODULE PLACED IN LED.OBJ
COMPILER INVOKED BY: C:\Program Files\Keil\C51\BIN\C51.EXE LED.c BROWSE DEBUG OBJECTEXTEND TABS(2)

line level    source

   1          #include <REG51.h>
   2          
   3          void T0Start() {
   4   1        TMOD=0x02;
   5   1        TH0=0x05;
   6   1        IE=0x82;
   7   1        TR0=1;
   8   1      }
   9          
  10          void T0Event(void) interrupt 1 using 3 {
  11   1        P1 = ~P1;
  12   1      }
  13          
  14          void main(void) {
  15   1        T0Start();
  16   1        P1=0xff;
  17   1        while (1)
  18   1        {
  19   2        }
  20   1      }


MODULE INFORMATION:   STATIC OVERLAYABLE
   CODE SIZE        =     24    ----
   CONSTANT SIZE    =   ----    ----
   XDATA SIZE       =   ----    ----
   PDATA SIZE       =   ----    ----
   DATA SIZE        =   ----    ----
   IDATA SIZE       =   ----    ----
   BIT SIZE         =   ----    ----
END OF MODULE INFORMATION.


C51 COMPILATION COMPLETE.  0 WARNING(S),  0 ERROR(S)
