C51 COMPILER V9.01   LED                                                                   09/21/2014 23:29:13 PAGE 1   


C51 COMPILER V9.01, COMPILATION OF MODULE LED
OBJECT MODULE PLACED IN LED.OBJ
COMPILER INVOKED BY: C:\Program Files\Keil\C51\BIN\C51.EXE LED.c BROWSE DEBUG OBJECTEXTEND TABS(2)

line level    source

   1          #include <REG51.h>
   2          
   3          sbit ADC_WR = P3^6;
   4          sbit ADC_RD = P3^7;
   5          sbit DAC_WR = P0^7;
   6          
   7          void ext0(void) interrupt 0 using 3 { // ADC has aquired
   8   1        ADC_RD = 0; // enable ADC read
   9   1        P1 = P2;    // read data from ADC and write into DAC
  10   1        ADC_RD = 1; // disable ADC read
  11   1      }
  12          
  13          void timer0(void) interrupt 1 using 3 { // send sampling pulse to ADC
  14   1        ADC_WR = 0; // enable ADC write
  15   1                    // NOP not required since C is slow
  16   1        ADC_WR = 1; // disable ADC write
  17   1      }
  18          
  19          void main(void)
  20          {
  21   1        DAC_WR = 0;   // enable DAC write
  22   1        TCON = 1;     // external interrupt 0 edge mode
  23   1        IE = 0x83;
  24   1        TMOD = 2;
  25   1        TH0 = -20;
  26   1        TR0 = 1;
  27   1        
  28   1        while (1);
  29   1      }


MODULE INFORMATION:   STATIC OVERLAYABLE
   CODE SIZE        =     31    ----
   CONSTANT SIZE    =   ----    ----
   XDATA SIZE       =   ----    ----
   PDATA SIZE       =   ----    ----
   DATA SIZE        =   ----    ----
   IDATA SIZE       =   ----    ----
   BIT SIZE         =   ----    ----
END OF MODULE INFORMATION.


C51 COMPILATION COMPLETE.  0 WARNING(S),  0 ERROR(S)
